
> my-v0-project@0.1.0 build
> next build

   Γû▓ Next.js 15.5.12
   - Environments: .env.local, .env.production, .env

   Creating an optimized production build ...
 Γ£ô Compiled successfully in 36.6s
   Linting and checking validity of types ...
node.exe :  Γ¿» ESLint: 
Converting circular 
structure to JSON     --> 
starting at object with 
constructor 'Object'     |   
  property 'configs' -> 
object with constructor 
'Object'     |     property 
'flat' -> object with 
constructor 'Object'     |   
  ...     |     property 
'plugins' -> object with 
constructor 'Object'     --- 
property 'react' closes the 
circle Referenced from: D:\Vi
svajeet\Projects\Parking\Smar
t-parking\.eslintrc.json
At line:1 char:1
+ & "C:\Program 
Files\nodejs/node.exe" 
"C:\Program 
Files\nodejs/node_mo ...
+ ~~~~~~~~~~~~~~~~~~~~~~~~~~~
~~~~~~~~~~~~~~~~~~~~~~~~~~~~~
~~~~~~~~~~~~~
    + CategoryInfo           
   : NotSpecified: ( Γ¿» ES  
  Lint: Co...\.eslintrc.js   
 on:String) [], RemoteExc    
eption
    + FullyQualifiedErrorId  
   : NativeCommandError
 
Failed to compile.

./app/dashboard/owner/page.ts
x:216:41
Type error: 
'lotDetails.price' is 
possibly 'undefined'.

[0m [90m 214 |[39m        
   
[33m<[39m[33mStatCard[39m
 [90m 215 |[39m            
 title[33m=[39m[32m"Revenu
e Trend"[39m
[31m[1m>[22m[39m[90m 
216 |[39m             value
[33m=[39m{[32m`Γé╣${stats.o
ccupied * 
lotDetails.price}`[39m}
 [90m     |[39m            
                             
[31m[1m^[22m[39m
 [90m 217 |[39m            
 icon[33m=[39m{[33m<[39m
[33mTrendingUp[39m className
[33m=[39m[32m"text-purple-
400"[39m 
[33m/[39m[33m>[39m}
 [90m 218 |[39m            
 trend[33m=[39m[32m"Estima
ted Today"[39m
 [90m 219 |[39m            
 color[33m=[39m[32m"purple
"[39m[0m
Next.js build worker exited 
with code: 1 and signal: null
