
> my-v0-project@0.1.0 build
> next build

   Γû▓ Next.js 15.5.12
   - Environments: .env.local, .env.production, .env

   Creating an optimized production build ...
 Γ£ô Compiled successfully in 44s
   Linting and checking validity of types ...
node.exe :  Γ¿» ESLint: 
Failed to load config 
"next/core-web-vitals" to 
extend from. Referenced 
from: D:\Visvajeet\Projects\P
arking\Smart-parking\.eslintr
c.json
At line:1 char:1
+ & "C:\Program 
Files\nodejs/node.exe" 
"C:\Program 
Files\nodejs/node_mo ...
+ ~~~~~~~~~~~~~~~~~~~~~~~~~~~
~~~~~~~~~~~~~~~~~~~~~~~~~~~~~
~~~~~~~~~~~~~
    + CategoryInfo           
   : NotSpecified: ( Γ¿» ES  
  Lint: Fa...\.eslintrc.js   
 on:String) [], RemoteExc    
eption
    + FullyQualifiedErrorId  
   : NativeCommandError
 
Failed to compile.

.next/types/app/api/parking-l
ots/[id]/route.ts:49:7
Type error: Type '{ __tag__: 
"GET"; __param_position__: 
"second"; __param_type__: { 
params: { id: string; }; }; 
}' does not satisfy the 
constraint 
'ParamCheck<RouteContext>'.
  The types of 
'__param_type__.params' are 
incompatible between these 
types.
    Type '{ id: string; }' 
is missing the following 
properties from type 
'Promise<any>': then, catch, 
finally, [Symbol.toStringTag]

[0m [90m 47 |[39m     
[33mDiff[39m[33m<[39m
 [90m 48 |[39m       [33mP
aramCheck[39m[33m<[39m[33
mRouteContext[39m[33m>[39m
[33m,[39m
[31m[1m>[22m[39m[90m 49 
|[39m       {
 [90m    |[39m       
[31m[1m^[22m[39m
 [90m 50 |[39m         
__tag__[33m:[39m 
[32m'GET'[39m
 [90m 51 |[39m         __pa
ram_position__[33m:[39m 
[32m'second'[39m
 [90m 52 |[39m         
__param_type__[33m:[39m [3
3mSecondArg[39m[33m<[39m[
33mMaybeField[39m[33m<[39m
[33mTEntry[39m[33m,[39m 
[32m'GET'[39m[33m>>[39m[0
m
Next.js build worker exited 
with code: 1 and signal: null
