≡ƒº¬ COMPREHENSIVE INTEGRATION TEST

Starting comprehensive WebSocket tests...

Γ£à Server Health: PASS - connections: 0
Γ£à OWNER Subscription: PASS - No error, timeout
Γ£à CUSTOMER Subscription: PASS - No error, timeout
Γ£à PING/PONG Heartbeat: PASS
Γ£à Multiple Connections (5 clients): PASS - 5 connected, 0 errors
Γ£à Connection Stability: PASS - Duration: 2496ms
Γ£à Cleanup on Disconnect: PASS - Connections: 0

==================================================
≡ƒôè TEST RESULTS: 7 passed, 0 failed
==================================================
≡ƒÄë ALL TESTS PASSED! WebSocket server is production-ready.
node : Assertion failed: !(handle->flags & UV_HANDLE_CLOSING), file 
src\win\async.c, line 76
At line:1 char:1
+ node test-integration.js 2>&1 | Tee-Object -FilePath test-results.txt
+ ~~~~~~~~~~~~~~~~~~~~~~~~~~~~~
    + CategoryInfo          : NotSpecified: (Assertion faile...sync.c, line 76: 
   String) [], RemoteException
    + FullyQualifiedErrorId : NativeCommandError
 
