.next/types/app/api/parking-lots/[id]/route.ts(49,7): error TS2344: Type '{ __tag__: "GET"; __param_position__: "second"; __param_type__: { params: { id: string; }; }; }' does not satisfy the constraint 'ParamCheck<RouteContext>'.
  The types of '__param_type__.params' are incompatible between these types.
    Type '{ id: string; }' is missing the following properties from type 'Promise<any>': then, catch, finally, [Symbol.toStringTag]
.next/types/app/dashboard/admin/bookings/[bookingId]/page.ts(34,29): error TS2344: Type '{ params: { bookingId: string; }; }' does not satisfy the constraint 'PageProps'.
  Types of property 'params' are incompatible.
    Type '{ bookingId: string; }' is missing the following properties from type 'Promise<any>': then, catch, finally, [Symbol.toStringTag]
.next/types/app/dashboard/booking/[id]/page.ts(34,29): error TS2344: Type '{ params: { id: string; }; }' does not satisfy the constraint 'PageProps'.
  Types of property 'params' are incompatible.
    Type '{ id: string; }' is missing the following properties from type 'Promise<any>': then, catch, finally, [Symbol.toStringTag]
.next/types/validator.ts(1611,31): error TS2344: Type 'typeof import("D:/Visvajeet/Projects/Parking/Smart-parking/app/api/parking-lots/[id]/route")' does not satisfy the constraint 'RouteHandlerConfig<"/api/parking-lots/[id]">'.
  Types of property 'GET' are incompatible.
    Type '(req: Request, { params }: { params: { id: string; }; }) => Promise<NextResponse<unknown>>' is not assignable to type '(request: NextRequest, context: { params: Promise<{ id: string; }>; }) => void | Response | Promise<void | Response>'.
      Types of parameters '__1' and 'context' are incompatible.
        Type '{ params: Promise<{ id: string; }>; }' is not assignable to type '{ params: { id: string; }; }'.
          Types of property 'params' are incompatible.
            Property 'id' is missing in type 'Promise<{ id: string; }>' but required in type '{ id: string; }'.
app/actions/booking.ts(3,24): error TS2307: Cannot find module '@/lib/db' or its corresponding type declarations.
app/actions/profile.ts(60,21): error TS2561: Object literal may only specify known properties, but 'fastTagId' does not exist in type '(Without<vehicleUpdateInput, vehicleUncheckedUpdateInput> & vehicleUncheckedUpdateInput) | (Without<...> & vehicleUpdateInput)'. Did you mean to write 'fastag'?
app/actions/profile.ts(71,21): error TS2561: Object literal may only specify known properties, but 'fastTagId' does not exist in type 'Without<vehicleCreateInput, vehicleUncheckedCreateInput> & vehicleUncheckedCreateInput'. Did you mean to write 'fastag'?
app/api/admin/owners/verifications/route.ts(12,7): error TS2353: Object literal may only specify known properties, and 'owner' does not exist in type 'ownerverificationInclude<DefaultArgs>'.
app/api/admin/support/route.ts(16,9): error TS2353: Object literal may only specify known properties, and 'owner' does not exist in type 'ownersupportticketInclude<DefaultArgs>'.
app/api/auth/forgot-password/route.ts(13,16): error TS2339: Property 'passwordResetToken' does not exist on type 'PrismaClient<PrismaClientOptions, never, DefaultArgs>'.
app/api/auth/register/route.ts(30,9): error TS2353: Object literal may only specify known properties, and 'updatedAt' does not exist in type '(Without<userCreateInput, userUncheckedCreateInput> & userUncheckedCreateInput) | (Without<...> & userCreateInput)'.
app/api/auth/reset-password/route.ts(8,31): error TS2339: Property 'passwordResetToken' does not exist on type 'PrismaClient<PrismaClientOptions, never, DefaultArgs>'.
app/api/auth/reset-password/route.ts(23,16): error TS2339: Property 'passwordResetToken' does not exist on type 'PrismaClient<PrismaClientOptions, never, DefaultArgs>'.
app/api/owner/analytics/route.ts(19,13): error TS2561: Object literal may only specify known properties, but 'booking' does not exist in type 'SlotInclude<DefaultArgs>'. Did you mean to write 'bookings'?
app/api/owner/analytics/route.ts(33,25): error TS2339: Property 'slots' does not exist on type '{ id: string; name: string; createdAt: Date; status: parkinglot_status; updatedAt: Date; address: string; ownerId: string; lat: number; lng: number; cameraUrl: string | null; totalSlots: number; }'.
app/api/owner/analytics/route.ts(33,35): error TS7006: Parameter 's' implicitly has an 'any' type.
app/api/owner/analytics/route.ts(52,31): error TS2339: Property 'slots' does not exist on type '{ id: string; name: string; createdAt: Date; status: parkinglot_status; updatedAt: Date; address: string; ownerId: string; lat: number; lng: number; cameraUrl: string | null; totalSlots: number; }'.
app/api/owner/analytics/route.ts(52,41): error TS7006: Parameter 'slot' implicitly has an 'any' type.
app/api/parking/chennai-central/slots/route.ts(9,30): error TS2551: Property 'parkingLot' does not exist on type 'PrismaClient<PrismaClientOptions, never, DefaultArgs>'. Did you mean 'parkinglot'?
app/api/parking/chennai-central/slots/route.ts(30,34): error TS7006: Parameter 'slot' implicitly has an 'any' type.
app/api/webhooks/stripe/route.ts(10,33): error TS2339: Property 'get' does not exist on type 'Promise<ReadonlyHeaders>'.
app/dashboard/admin/blockchain/page.tsx(1,10): error TS2305: Module '"@/lib/blockchain"' has no exported member 'getProvider'.
app/dashboard/admin/blockchain/page.tsx(1,23): error TS2305: Module '"@/lib/blockchain"' has no exported member 'getChainForRegion'.
app/dashboard/admin/bookings/[bookingId]/page.tsx(13,19): error TS2304: Cannot find name 'bookingId'.
app/dashboard/find/page.tsx(66,20): error TS2345: Argument of type '(data: any) => void' is not assignable to parameter of type 'UseParkingSocketOptions'.
app/dashboard/find/page.tsx(387,15): error TS2769: No overload matches this call.
  Overload 1 of 2, '(props: ParkingMapProps, context?: any): string | number | bigint | boolean | ReactElement<unknown, string | JSXElementConstructor<any>> | ... 4 more ... | undefined', gave the following error.
    Type 'ParkingArea[]' is not assignable to type 'ParkingArea[]'. Two different types with this name exist, but they are unrelated.
      Type 'ParkingArea' is missing the following properties from type 'ParkingArea': availableSlots, totalSlots
  Overload 2 of 2, '(props: ParkingMapProps): string | number | bigint | boolean | ReactElement<unknown, string | JSXElementConstructor<any>> | ... 4 more ... | undefined', gave the following error.
    Type 'ParkingArea[]' is not assignable to type 'ParkingArea[]'. Two different types with this name exist, but they are unrelated.
      Type 'ParkingArea' is missing the following properties from type 'ParkingArea': availableSlots, totalSlots
app/dashboard/owner/page.tsx(216,41): error TS18048: 'lotDetails.price' is possibly 'undefined'.
app/dashboard/parking/[id]/SlotGrid.tsx(27,12): error TS2741: Property 'id' is missing in type '{ key: any; slotNumber: any; status: "AVAILABLE" | "OCCUPIED" | "RESERVED" | "DISABLED"; price: any; type: "EV" | "STANDARD" | "HANDICAP"; isSelected: boolean; onClick: () => void; }' but required in type 'SlotProps'.
app/test-socket/page.tsx(11,20): error TS2345: Argument of type '(data: any) => void' is not assignable to parameter of type 'UseParkingSocketOptions'.
components/crypto/CryptoPay.tsx(5,17): error TS2307: Cannot find module '../../abi/SlotifyPayments.json' or its corresponding type declarations.
components/stats/StatCard.tsx(1,21): error TS2307: Cannot find module 'react-countup' or its corresponding type declarations.
components/ui/sidebar.tsx(674,9): error TS2322: Type '{ className: string; "data-sidebar": string; style: CSSProperties; }' is not assignable to type 'IntrinsicAttributes & { className?: string | undefined; }'.
  Property 'style' does not exist on type 'IntrinsicAttributes & { className?: string | undefined; }'.
lib/auth.ts(16,13): error TS2322: Type '(credentials: Record<"email" | "password", string> | undefined) => Promise<{ id: string; email: string; name: string; role: user_role; ownerStatus: ownerprofile_status | null; parkingLotId: string | null; } | null>' is not assignable to type '(credentials: Record<"email" | "password", string> | undefined, req: Pick<RequestInternal, "query" | "body" | "headers" | "method">) => Awaitable<...>'.
  Type 'Promise<{ id: string; email: string; name: string; role: user_role; ownerStatus: ownerprofile_status | null; parkingLotId: string | null; } | null>' is not assignable to type 'Awaitable<User | null>'.
    Type 'Promise<{ id: string; email: string; name: string; role: user_role; ownerStatus: ownerprofile_status | null; parkingLotId: string | null; } | null>' is not assignable to type 'PromiseLike<User | null>'.
      Types of property 'then' are incompatible.
        Type '<TResult1 = { id: string; email: string; name: string; role: user_role; ownerStatus: ownerprofile_status | null; parkingLotId: string | null; } | null, TResult2 = never>(onfulfilled?: ((value: { ...; } | null) => TResult1 | PromiseLike<...>) | ... 1 more ... | undefined, onrejected?: ((reason: any) => TResult2 | Pro...' is not assignable to type '<TResult1 = User | null, TResult2 = never>(onfulfilled?: ((value: User | null) => TResult1 | PromiseLike<TResult1>) | null | undefined, onrejected?: ((reason: any) => TResult2 | PromiseLike<...>) | null | undefined) => PromiseLike<...>'.
          Types of parameters 'onfulfilled' and 'onfulfilled' are incompatible.
            Types of parameters 'value' and 'value' are incompatible.
              Type '{ id: string; email: string; name: string; role: user_role; ownerStatus: ownerprofile_status | null; parkingLotId: string | null; } | null' is not assignable to type 'User | null'.
                Type '{ id: string; email: string; name: string; role: $Enums.user_role; ownerStatus: $Enums.ownerprofile_status | null; parkingLotId: string | null; }' is not assignable to type 'User'.
                  Types of property 'parkingLotId' are incompatible.
                    Type 'string | null' is not assignable to type 'string | undefined'.
                      Type 'null' is not assignable to type 'string | undefined'.
lib/auth.ts(90,9): error TS2322: Type 'string | null' is not assignable to type 'string | undefined'.
  Type 'null' is not assignable to type 'string | undefined'.
lib/realtime/ws-server.ts(2,24): error TS2305: Module '"@prisma/client"' has no exported member 'SlotSource'.
lib/realtime/ws-server.ts(117,30): error TS2551: Property 'parkingLot' does not exist on type 'PrismaClient<PrismaClientOptions, never, DefaultArgs>'. Did you mean 'parkinglot'?
lib/realtime/ws-server.ts(128,34): error TS7006: Parameter 's' implicitly has an 'any' type.
lib/realtime/ws-server.ts(141,18): error TS2551: Property 'parkingSlot' does not exist on type 'PrismaClient<PrismaClientOptions, never, DefaultArgs>'. Did you mean 'parkingslot'?
lib/realtime/ws-server.ts(156,9): error TS2353: Object literal may only specify known properties, and 'source' does not exist in type '(Without<SlotStatusLogCreateInput, SlotStatusLogUncheckedCreateInput> & SlotStatusLogUncheckedCreateInput) | (Without<...> & SlotStatusLogCreateInput)'.
lib/realtime/ws-server.ts(211,34): error TS2551: Property 'parkingLot' does not exist on type 'PrismaClient<PrismaClientOptions, never, DefaultArgs>'. Did you mean 'parkinglot'?
lib/realtime/ws-server.ts(219,38): error TS7006: Parameter 's' implicitly has an 'any' type.
lib/realtime/ws-server.ts(229,22): error TS2551: Property 'parkingSlot' does not exist on type 'PrismaClient<PrismaClientOptions, never, DefaultArgs>'. Did you mean 'parkingslot'?
lib/realtime/ws-server.ts(244,13): error TS2353: Object literal may only specify known properties, and 'source' does not exist in type '(Without<SlotStatusLogCreateInput, SlotStatusLogUncheckedCreateInput> & SlotStatusLogUncheckedCreateInput) | (Without<...> & SlotStatusLogCreateInput)'.
lib/reservation-manager.ts(1,36): error TS2305: Module '"@prisma/client"' has no exported member 'SlotSource'.
lib/reservation-manager.ts(42,16): error TS2551: Property 'parkingSlot' does not exist on type 'PrismaClient<PrismaClientOptions, never, DefaultArgs>'. Did you mean 'parkingslot'?
lib/reservation-manager.ts(77,16): error TS2551: Property 'parkingSlot' does not exist on type 'PrismaClient<PrismaClientOptions, never, DefaultArgs>'. Did you mean 'parkingslot'?
lib/reservation-manager.ts(132,31): error TS2551: Property 'parkingSlot' does not exist on type 'PrismaClient<PrismaClientOptions, never, DefaultArgs>'. Did you mean 'parkingslot'?
lib/reservation-manager.ts(139,20): error TS2551: Property 'parkingSlot' does not exist on type 'PrismaClient<PrismaClientOptions, never, DefaultArgs>'. Did you mean 'parkingslot'?
lib/reservation-manager.ts(154,11): error TS2353: Object literal may only specify known properties, and 'source' does not exist in type '(Without<SlotStatusLogCreateInput, SlotStatusLogUncheckedCreateInput> & SlotStatusLogUncheckedCreateInput) | (Without<...> & SlotStatusLogCreateInput)'.
lib/reservation-manager.ts(192,14): error TS2551: Property 'parkingSlot' does not exist on type 'PrismaClient<PrismaClientOptions, never, DefaultArgs>'. Did you mean 'parkingslot'?
lib/reservation-manager.ts(195,16): error TS7006: Parameter 'slot' implicitly has an 'any' type.
lib/reservation-manager.ts(231,14): error TS2551: Property 'parkingSlot' does not exist on type 'PrismaClient<PrismaClientOptions, never, DefaultArgs>'. Did you mean 'parkingslot'?
lib/reservation-manager.ts(234,16): error TS7006: Parameter 'slot' implicitly has an 'any' type.
lib/reservation-manager.ts(289,38): error TS2551: Property 'parkingSlot' does not exist on type 'PrismaClient<PrismaClientOptions, never, DefaultArgs>'. Did you mean 'parkingslot'?
lib/security.ts(306,41): error TS2339: Property 'incrementRateLimit' does not exist on type 'typeof import("D:/Visvajeet/Projects/Parking/Smart-parking/lib/redis")'.
lib/socket.ts(58,42): error TS2551: Property 'parkingSlot' does not exist on type 'PrismaClient<PrismaClientOptions, never, DefaultArgs>'. Did you mean 'parkingslot'?
lib/socket.ts(103,42): error TS2551: Property 'parkingSlot' does not exist on type 'PrismaClient<PrismaClientOptions, never, DefaultArgs>'. Did you mean 'parkingslot'?
lib/socket.ts(180,22): error TS2551: Property 'parkingSlot' does not exist on type 'PrismaClient<PrismaClientOptions, never, DefaultArgs>'. Did you mean 'parkingslot'?
lib/socket.ts(251,35): error TS2551: Property 'parkingSlot' does not exist on type 'PrismaClient<PrismaClientOptions, never, DefaultArgs>'. Did you mean 'parkingslot'?
lib/socket.ts(254,39): error TS2551: Property 'parkingSlot' does not exist on type 'PrismaClient<PrismaClientOptions, never, DefaultArgs>'. Did you mean 'parkingslot'?
prisma/seed-profile.ts(15,9): error TS2322: Type '{ email: string; name: string; password: string; role: "CUSTOMER"; phone: string; walletBalance: number; preferredCurrency: string; }' is not assignable to type '(Without<userCreateInput, userUncheckedCreateInput> & userUncheckedCreateInput) | (Without<...> & userCreateInput)'.
  Type '{ email: string; name: string; password: string; role: "CUSTOMER"; phone: string; walletBalance: number; preferredCurrency: string; }' is not assignable to type 'Without<userUncheckedCreateInput, userCreateInput> & userCreateInput'.
    Property 'id' is missing in type '{ email: string; name: string; password: string; role: "CUSTOMER"; phone: string; walletBalance: number; preferredCurrency: string; }' but required in type 'userCreateInput'.
prisma/seed-profile.ts(39,9): error TS2322: Type '{ userId: string; licensePlate: string; make: string; model: string; color: string; isActive: true; }' is not assignable to type '(Without<vehicleCreateInput, vehicleUncheckedCreateInput> & vehicleUncheckedCreateInput) | (Without<...> & vehicleCreateInput)'.
  Type '{ userId: string; licensePlate: string; make: string; model: string; color: string; isActive: true; }' is not assignable to type 'Without<vehicleCreateInput, vehicleUncheckedCreateInput> & vehicleUncheckedCreateInput'.
    Type '{ userId: string; licensePlate: string; make: string; model: string; color: string; isActive: true; }' is missing the following properties from type 'vehicleUncheckedCreateInput': id, updatedAt
prisma/seed-profile.ts(51,9): error TS2322: Type '{ userId: string; licensePlate: string; make: string; model: string; color: string; isActive: true; }' is not assignable to type '(Without<vehicleCreateInput, vehicleUncheckedCreateInput> & vehicleUncheckedCreateInput) | (Without<...> & vehicleCreateInput)'.
  Type '{ userId: string; licensePlate: string; make: string; model: string; color: string; isActive: true; }' is not assignable to type 'Without<vehicleCreateInput, vehicleUncheckedCreateInput> & vehicleUncheckedCreateInput'.
    Type '{ userId: string; licensePlate: string; make: string; model: string; color: string; isActive: true; }' is missing the following properties from type 'vehicleUncheckedCreateInput': id, updatedAt
